──────────────────────────────────────────────────
Warning: this tree is indicative only. Some tags may have been hidden.
0..   1
|wAct |    └─┬──<TAG=root of the allocation>
|rRsM |      └────<TAG=data, x, y>
──────────────────────────────────────────────────
──────────────────────────────────────────────────
Warning: this tree is indicative only. Some tags may have been hidden.
0..   1
|wAct |    └─┬──<TAG=root of the allocation>
|wAct |      └────<TAG=data, x, y>
──────────────────────────────────────────────────
