──────────────────────────────────────────────────
Warning: this tree is indicative only. Some tags may have been hidden.
0..   1
|wAct |    └─┬──<TAG=root of the allocation>
|rRs  |      └─┬──<TAG=data>
|rRs  |        └────<TAG=x>
──────────────────────────────────────────────────
──────────────────────────────────────────────────
Warning: this tree is indicative only. Some tags may have been hidden.
0..   1
|wAct |    └─┬──<TAG=root of the allocation>
|rRs  |      └─┬──<TAG=data>
|rRs  |        └─┬──<TAG=x>
|rRs  |          └─┬──<TAG=caller:x>
|rRs  |            └────<TAG=callee:x> Strongly protected
──────────────────────────────────────────────────
──────────────────────────────────────────────────
Warning: this tree is indicative only. Some tags may have been hidden.
0..   1
|wAct |    └─┬──<TAG=root of the allocation>
|rRs  |      └─┬──<TAG=data>
|rRs  |        ├─┬──<TAG=x>
|rRs  |        │ └─┬──<TAG=caller:x>
|rRs  |        │   └────<TAG=callee:x>
|rRs  |        └────<TAG=y>
──────────────────────────────────────────────────
──────────────────────────────────────────────────
Warning: this tree is indicative only. Some tags may have been hidden.
0..   1
|wAct |    └─┬──<TAG=root of the allocation>
|wAct |      └─┬──<TAG=data>
|rDis |        ├─┬──<TAG=x>
|rDis |        │ └─┬──<TAG=caller:x>
|rDis |        │   └────<TAG=callee:x>
|wAct |        └────<TAG=y>
──────────────────────────────────────────────────
