──────────────────────────────────────────────────
Warning: this tree is indicative only. Some tags may have been hidden.
0..   1..   2..  10..  11.. 100.. 101..1000..1001..1024
|wAct |wAct |wAct |wAct |wAct |wAct |wAct |wAct |wAct |    └─┬──<TAG=root of the allocation>
|rRs  |wAct |rRs  |wAct |rRs  |wAct |rRs  |wAct |rRs  |      └─┬──<TAG=data, data>
|-----|wAct |-----|?Dis |-----|?Dis |-----|?Dis |-----|        ├────<TAG=data[1]>
|-----|-----|-----|wAct |-----|?Dis |-----|?Dis |-----|        ├────<TAG=data[10]>
|-----|-----|-----|-----|-----|wFrz |-----|?Dis |-----|        ├────<TAG=data[100]>
|-----|-----|-----|-----|-----|-----|-----|wAct |-----|        └────<TAG=data[1000]>
──────────────────────────────────────────────────
──────────────────────────────────────────────────
Warning: this tree is indicative only. Some tags may have been hidden.
0..   1
|wAct |    └─┬──<TAG=root of the allocation>
|rFrz |      └─┬──<TAG=x>
|rFrz |        ├─┬──<TAG=xa>
|rFrz |        │ ├────<TAG=xaa>
|rFrz |        │ └────<TAG=xab>
|rFrz |        ├─┬──<TAG=xb>
|rFrz |        │ └─┬──<TAG=xba>
|rFrz |        │   └─┬──<TAG=xbaa>
|rFrz |        │     └─┬──<TAG=xbaaa>
|rFrz |        │       └────<TAG=xbaaaa>
|rFrz |        └─┬──<TAG=xc>
|rFrz |          ├─┬──<TAG=xca>
|rFrz |          │ ├────<TAG=xcaa>
|rFrz |          │ └────<TAG=xcab>
|rFrz |          └─┬──<TAG=xcb>
|rFrz |            ├────<TAG=xcba>
|rFrz |            └────<TAG=xcbb>
──────────────────────────────────────────────────
