──────────────────────────────────────────────────
Warning: this tree is indicative only. Some tags may have been hidden.
0..   1
|wAct |    └─┬──<TAG=root of the allocation>
|wAct |      └─┬──<TAG=parent>
|wAct |        └────<TAG=x>
──────────────────────────────────────────────────
──────────────────────────────────────────────────
Warning: this tree is indicative only. Some tags may have been hidden.
0..   1
|wAct |    └─┬──<TAG=root of the allocation>
|wAct |      └─┬──<TAG=parent>
|wFrz |        ├────<TAG=x>
|rRs  |        └────<TAG=y>
──────────────────────────────────────────────────
