[interior mut + protected] Foreign Read: Re* -> Frz
──────────────────────────────────────────────────
Warning: this tree is indicative only. Some tags may have been hidden.
0..   1
|wAct |    └─┬──<TAG=root of the allocation>
|rRsM |      └─┬──<TAG=base>
|rRsM |        ├─┬──<TAG=x>
|rRsM |        │ └─┬──<TAG=caller:x>
|rRsCM|        │   └────<TAG=callee:x>
|rRsM |        └────<TAG=y, caller:y, callee:y>
──────────────────────────────────────────────────
[interior mut] Foreign Read: Re* -> Re*
──────────────────────────────────────────────────
Warning: this tree is indicative only. Some tags may have been hidden.
0..   8
|wAct |    └─┬──<TAG=root of the allocation>
|rRsM |      └─┬──<TAG=base>
|rRsM |        ├────<TAG=x>
|rRsM |        └────<TAG=y>
──────────────────────────────────────────────────
[interior mut] Foreign Write: Re* -> Re*
──────────────────────────────────────────────────
Warning: this tree is indicative only. Some tags may have been hidden.
0..   8
|wAct |    └─┬──<TAG=root of the allocation>
|wAct |      └─┬──<TAG=base>
|rRsM |        ├────<TAG=x>
|wAct |        └────<TAG=y>
──────────────────────────────────────────────────
[protected] Foreign Read: Res -> Frz
──────────────────────────────────────────────────
Warning: this tree is indicative only. Some tags may have been hidden.
0..   1
|wAct |    └─┬──<TAG=root of the allocation>
|rRs  |      └─┬──<TAG=base>
|rRs  |        ├─┬──<TAG=x>
|rRs  |        │ └─┬──<TAG=caller:x>
|rRsC |        │   └────<TAG=callee:x>
|rRs  |        └────<TAG=y, caller:y, callee:y>
──────────────────────────────────────────────────
[] Foreign Read: Res -> Res
──────────────────────────────────────────────────
Warning: this tree is indicative only. Some tags may have been hidden.
0..   1
|wAct |    └─┬──<TAG=root of the allocation>
|rRs  |      └─┬──<TAG=base>
|rRs  |        ├────<TAG=x>
|rRs  |        └────<TAG=y>
──────────────────────────────────────────────────
[] Foreign Write: Res -> Dis
──────────────────────────────────────────────────
Warning: this tree is indicative only. Some tags may have been hidden.
0..   1
|wAct |    └─┬──<TAG=root of the allocation>
|wAct |      └─┬──<TAG=base>
|rDis |        ├────<TAG=x>
|wAct |        └────<TAG=y>
──────────────────────────────────────────────────
