──────────────────────────────────────────────────
Warning: this tree is indicative only. Some tags may have been hidden.
0..   1
|wAct |    └─┬──<TAG=root of the allocation>
|rRs  |      └─┬──<TAG=base>
|rRs  |        └────<TAG=raw, uniq, uniq>
──────────────────────────────────────────────────
──────────────────────────────────────────────────
Warning: this tree is indicative only. Some tags may have been hidden.
0..   1
|wAct |    └─┬──<TAG=root of the allocation>
|wAct |      └─┬──<TAG=base>
|wAct |        └────<TAG=raw, uniq, uniq>
──────────────────────────────────────────────────
──────────────────────────────────────────────────
Warning: this tree is indicative only. Some tags may have been hidden.
0..   1
|wAct |    └─┬──<TAG=root of the allocation>
|wAct |      └─┬──<TAG=base>
|wAct |        └────<TAG=raw, uniq, uniq>
──────────────────────────────────────────────────
