──────────────────────────────────────────────────
Warning: this tree is indicative only. Some tags may have been hidden.
0..   2
|wAct |    └─┬──<TAG=root of the allocation>
|rRs  |      └────<TAG=base.as_ptr(), base.as_ptr(), raw_parts.0, reconstructed.as_ptr(), reconstructed.as_ptr()>
──────────────────────────────────────────────────
